
> rest-express@1.0.0 build
> tsx script/build.ts

building client...
[36mvite v7.3.0 [32mbuilding client environment for production...[36m[39m
transforming...
node.exe : 
Au caractère Ligne:1 : 1
+ & "C:\Program Files\nodejs/node.exe" 
"C:\Program Files\nodejs/node_mo ...
+ ~~~~~~~~~~~~~~~~~~~~~~~~~~~~~~~~~~~~~
~~~~~~~~~~~~~~~~~~~~~~~~~~~~~~~~
    + CategoryInfo          : NotSpeci 
   fied: (:String) [], RemoteExceptio  
  n
    + FullyQualifiedErrorId : NativeCo 
   mmandError
 
A PostCSS plugin did not pass the 
`from` option to `postcss.parse`. This 
may cause imported assets to be 
incorrectly transformed. If you've 
recently added a PostCSS plugin that 
raised this warning, please contact 
the package author to fix the issue.
[32mΓ£ô[39m 1897 modules transformed.
rendering chunks...
computing gzip size...
[2m../dist/public/[22m[32mindex.html                                   [39m[1m[2m 11.56 kB[22m[1m[22m[2m Γöé gzip:   2.95 kB[22m
[2m../dist/public/[22m[32massets/LOGO_SAYC_1770103155971-okaVlHWf.jpg  [39m[1m[2m 48.72 kB[22m[1m[22m
[2m../dist/public/[22m[35massets/index-BoceqsVE.css                    [39m[1m[2m118.40 kB[22m[1m[22m[2m Γöé gzip:  17.73 kB[22m
[2m../dist/public/[22m[36massets/browser-ponyfill-CH54XQf6.js          [39m[1m[2m 10.30 kB[22m[1m[22m[2m Γöé gzip:   3.52 kB[22m
[2m../dist/public/[22m[36massets/index-CLozH2dq.js                     [39m[1m[33m742.11 kB[39m[22m[2m Γöé gzip: 213.17 kB[22m
[33m
(!) Some chunks are larger than 500 kB 
after minification. Consider:
- Using dynamic import() to code-split 
the application
- Use build.rollupOptions.output.manual
Chunks to improve chunking: https://rol
lupjs.org/configuration-options/#output
-manualchunks
- Adjust chunk size limit for this 
warning via 
build.chunkSizeWarningLimit.[39m
[32mΓ£ô built in 21.72s[39m
building server...
Γû▓ [WARNING] "import.meta" is not 
available with the "cjs" output format 
and will be empty [empty-import-meta]

    vite.config.ts:24:24:
      24 Γöé       "@": 
path.resolve(import.meta.dirname, 
"client", "src"),
         Γò╡                         
~~~~~~~~~~~

  You need to set the output format to 
"esm" for "import.meta" to work 
correctly.

Γû▓ [WARNING] "import.meta" is not 
available with the "cjs" output format 
and will be empty [empty-import-meta]

    vite.config.ts:25:30:
      25 Γöé       "@shared": 
path.resolve(import.meta.dirname, 
"shared"),
         Γò╡                           
    ~~~~~~~~~~~

  You need to set the output format to 
"esm" for "import.meta" to work 
correctly.

Γû▓ [WARNING] "import.meta" is not 
available with the "cjs" output format 
and will be empty [empty-import-meta]

    vite.config.ts:26:30:
      26 Γöé ...  "@assets": 
path.resolve(import.meta.dirname, 
"attached_assets"),
         Γò╡                           
   ~~~~~~~~~~~

  You need to set the output format to 
"esm" for "import.meta" to work 
correctly.

Γû▓ [WARNING] "import.meta" is not 
available with the "cjs" output format 
and will be empty [empty-import-meta]

    vite.config.ts:29:21:
      29 Γöé   root: 
path.resolve(import.meta.dirname, 
"client"),
         Γò╡                      
~~~~~~~~~~~

  You need to set the output format to 
"esm" for "import.meta" to work 
correctly.

Γû▓ [WARNING] "import.meta" is not 
available with the "cjs" output format 
and will be empty [empty-import-meta]

    vite.config.ts:31:46:
      31 Γöé ...env.VERCEL ? 
path.resolve(import.meta.dirname, 
"dist") : path.r...
         Γò╡                           
   ~~~~~~~~~~~

  You need to set the output format to 
"esm" for "import.meta" to work 
correctly.

Γû▓ [WARNING] "import.meta" is not 
available with the "cjs" output format 
and will be empty [empty-import-meta]

    vite.config.ts:31:90:
      31 Γöé ...rname, "dist") : 
path.resolve(import.meta.dirname, 
"dist/public"),
         Γò╡                           
       ~~~~~~~~~~~

  You need to set the output format to 
"esm" for "import.meta" to work 
correctly.

6 warnings

  dist\index.cjs  1.5mb

Done in 589ms
building vercel api...
X [ERROR] Could not resolve 
"api/handler.ts"

1 error
Error: Build failed with 1 error:
error: Could not resolve 
"api/handler.ts"
    at failureErrorWithLog 
(C:\Users\Hp\Desktop\Sayc-Tchad (1)\Say
c-Tchad\node_modules\esbuild\lib\main.j
s:1467:15)
    at C:\Users\Hp\Desktop\Sayc-Tchad (
1)\Sayc-Tchad\node_modules\esbuild\lib\
main.js:926:25
    at C:\Users\Hp\Desktop\Sayc-Tchad (
1)\Sayc-Tchad\node_modules\esbuild\lib\
main.js:878:52
    at buildResponseToResult 
(C:\Users\Hp\Desktop\Sayc-Tchad (1)\Say
c-Tchad\node_modules\esbuild\lib\main.j
s:924:7)
    at C:\Users\Hp\Desktop\Sayc-Tchad (
1)\Sayc-Tchad\node_modules\esbuild\lib\
main.js:951:16
    at responseCallbacks.<computed> 
(C:\Users\Hp\Desktop\Sayc-Tchad (1)\Say
c-Tchad\node_modules\esbuild\lib\main.j
s:603:9)
    at handleIncomingPacket 
(C:\Users\Hp\Desktop\Sayc-Tchad (1)\Say
c-Tchad\node_modules\esbuild\lib\main.j
s:658:12)
    at Socket.readFromStdout 
(C:\Users\Hp\Desktop\Sayc-Tchad (1)\Say
c-Tchad\node_modules\esbuild\lib\main.j
s:581:7)
    at Socket.emit (node:events:519:28)
    at addChunk (node:internal/streams/
readable:561:12) {
  errors: [Getter/Setter],
  warnings: [Getter/Setter]
}
