Testing Contact form...
node.exe : TypeError: fetch failed
Au caractère Ligne:1 : 1
+ & "C:\Program Files\nodejs/node.exe" 
"C:\Program Files\nodejs/node_mo ...
+ ~~~~~~~~~~~~~~~~~~~~~~~~~~~~~~~~~~~~~~~~~~~~~~
~~~~~~~~~~~~~~~~~~~~~~~
    + CategoryInfo          : NotSpecified: (Ty 
   peError: fetch failed:String) [], RemoteExc  
  eption
    + FullyQualifiedErrorId : NativeCommandErro 
   r
 
    at node:internal/deps/undici/undici:13510:13
    at process.processTicksAndRejections 
(node:internal/process/task_queues:105:5)
    at async testForms 
(C:\Users\Hp\Desktop\Sayc-Tchad 
(1)\Sayc-Tchad\test-live-forms.ts:3:24) {
  [cause]: ConnectTimeoutError: Connect Timeout 
Error (attempted address: sayctchad.org:443, 
timeout: 10000ms)
      at onConnectTimeout 
(node:internal/deps/undici/undici:2602:28)
      at Immediate._onImmediate 
(node:internal/deps/undici/undici:2568:35)
      at process.processImmediate 
(node:internal/timers:485:21) {
    code: 'UND_ERR_CONNECT_TIMEOUT'
  }
}
